// Jest Snapshot v1, https://goo.gl/fbAQLP

exports[`<Action /> renders 1`] = `
<div>
  <button
    class="css-554s8a-Action"
  >
    Click me
  </button>
</div>
`;
