// Jest Snapshot v1, https://goo.gl/fbAQLP

exports[`<Footer /> renders 1`] = `
<div>
  <footer
    class="css-krukqz-Footer"
  >
    <hr />
    <p>
      Read more about
       
      <a
        href="https://github.com/mrgeorgegray/hangman"
      >
        this project
      </a>
      .
    </p>
  </footer>
</div>
`;
