// Jest Snapshot v1, https://goo.gl/fbAQLP

exports[`<Header /> renders 1`] = `
<div>
  <header>
    <p>
      Hangman App
    </p>
    <hr />
  </header>
</div>
`;
