// Jest Snapshot v1, https://goo.gl/fbAQLP

exports[`<Solution /> renders 1`] = `
<div>
  <div
    class="css-1am8y5a-Solution"
  >
    s_lution
  </div>
</div>
`;
